{
    "$schema": "https://schema.management.azure.com/schemas/2019-04-01/deploymentTemplate.json#",
    "contentVersion": "1.0.0.0",
    "parameters": {
        "intParam": {
            "type": "int",
            "metadata": {
                "description": "description"
            }
        },
        "intOptionalParam": {
            "type": "int",
            "defaultValue": 654321
        },
        "intOptionalParam2": {
            "type": "int",
            "defaultValue": 987
        },
        "stringParam": {
            "type": "string",
            "metadata": {
                "description": "description"
            }
        },
        "STRINGOPTIONALPARAM": {
            "type": "string",
            "metadata": {
                "description": "description"
            },
            "defaultValue": "childStringOptionalParam def value"
        }
    },
    "resources": [
        {
            "name": "linkedDeployment1",
            "type": "Microsoft.Resources/deployments",
            "apiVersion": "2020-06-01",
            "properties": {
                "mode": "Incremental",
                "templateLink": {
                    "relativePath": "childTemplate.json",
                    "contentVersion": "1.0.0.0"
                },
                "parameters": {
                    "stringParam": {
                        "value": "exising param"
                    },
                    "intParam": {
                        "value": "[parameters('intParam')]"
                    },
                    "intOptionalParam": {
                        "value": "[parameters('intOptionalParam')]"
                    },
                    "stringOptionalParam": {
                        "value": "[parameters('STRINGOPTIONALPARAM')]"
                    }
                }
            }
        }
    ]
}
