{
	"resources": [
		{
			"name": "appServicePlan1",
			"type": "Microsoft.Web/serverfarms",
			"apiVersion": "2022-09-01",
			"location": "[resourceGroup().location]",
			"sku": {
				"name": "F1",
				"capacity": 1
			},
			"tags": {
				"displayName": "appServicePlan1"
			},
			"properties": {
				"name": "appServicePlan1"
			}
		}
	],
	"$schema": "https://schema.management.azure.com/schemas/2019-04-01/deploymentTemplate.json#",
	"contentVersion": "1.0.0.0",
	"variables": {
		//Insert here: variable
	},
	"parameters": {
		//Insert here: parameter
	},
	"outputs": {
		//Insert here: output
	},
	"functions": [
		{
			"namespace": "udf",
			"members": {
				//Insert here: user function
			}
		}
	]
}
