{
	"resources": [
		{
			"name": "[concat('parent', '/', 'automationRunbook1')]",
			"type": "Microsoft.Automation/automationAccounts/runbooks",
			"apiVersion": "2023-11-01",
			"location": "[resourceGroup().location]",
			"tags": {},
			"dependsOn": [
				"[resourceId('Microsoft.Automation/automationAccounts', 'automationAccount1')]"
			],
			"properties": {
				"logVerbose": true,
				"logProgress": true,
				"runbookType": "Script",
				"publishContentLink": {
					"uri": "uri",
					"version": "1.0.0.0"
				},
				"description": "description"
			}
		}
	],
	"$schema": "https://schema.management.azure.com/schemas/2019-04-01/deploymentTemplate.json#",
	"contentVersion": "1.0.0.0",
	"variables": {
		//Insert here: variable
	},
	"parameters": {
		//Insert here: parameter
	},
	"outputs": {
		//Insert here: output
	},
	"functions": [
		{
			"namespace": "udf",
			"members": {
				//Insert here: user function
			}
		}
	]
}
