{
	"resources": [
		{
			"name": "parent/automationCredential",
			"type": "Microsoft.Automation/automationAccounts/credentials",
			"apiVersion": "2023-11-01",
			"dependsOn": [
				"[resourceId('Microsoft.Automation/automationAccounts', 'automationAccount1')]"
			],
			"properties": {
				"userName": "userName",
				"password": "password",
				"description": "description"
			}
		}
	],
	"$schema": "https://schema.management.azure.com/schemas/2019-04-01/deploymentTemplate.json#",
	"contentVersion": "1.0.0.0",
	"variables": {
		//Insert here: variable
	},
	"parameters": {
		//Insert here: parameter
	},
	"outputs": {
		//Insert here: output
	},
	"functions": [
		{
			"namespace": "udf",
			"members": {
				//Insert here: user function
			}
		}
	]
}
