{
	"resources": [
		{
			"name": "parent/automationJobSchedule1",
			"type": "Microsoft.Automation/automationAccounts/jobSchedules",
			"apiVersion": "2015-10-31",
			"location": "[resourceGroup().location]",
			"tags": {
			},
			"dependsOn": [
				"[resourceId('Microsoft.Automation/automationAccounts', 'automationAccount1')]"
			],
			"properties": {
				"schedule": {
					"name": "automationSchedule1"
				},
				"runbook": {
					"name": "automationRunbook1"
				}
			}
		}
	],
	"$schema": "https://schema.management.azure.com/schemas/2019-04-01/deploymentTemplate.json#",
	"contentVersion": "1.0.0.0",
	"variables": {
		//Insert here: variable
	},
	"parameters": {
		//Insert here: parameter
	},
	"outputs": {
		//Insert here: output
	},
	"functions": [
		{
			"namespace": "udf",
			"members": {
				//Insert here: user function
			}
		}
	]
}