{
	"resources": [
		{
			"name": "parent/automationVariable1",
			"type": "Microsoft.Automation/automationAccounts/variables",
			"apiVersion": "2019-06-01",
			"dependsOn": [
				"[resourceId('Microsoft.Automation/automationAccounts', 'automationAccount1')]"
			],
			"properties": {
				"value": "value",
				"description": "description",
				"isEncryptede": true
			}
		}
	],
	"$schema": "https://schema.management.azure.com/schemas/2019-04-01/deploymentTemplate.json#",
	"contentVersion": "1.0.0.0",
	"variables": {
		//Insert here: variable
	},
	"parameters": {
		//Insert here: parameter
	},
	"outputs": {
		//Insert here: output
	},
	"functions": [
		{
			"namespace": "udf",
			"members": {
				//Insert here: user function
			}
		}
	]
}