{
	"resources": [
		{
			"type": "Microsoft.DocumentDB/databaseAccounts/apis/databases",
			"name": "[concat('account-name', '/mongodb/', 'database-name', '/', 'collectionName')]",
			"apiVersion": "2016-03-31",
			"dependsOn": [
				"[resourceId('Microsoft.DocumentDB/databaseAccounts/', 'account-name')]"
			],
			"properties": {
				"resource": {
					"throughput": "400",
					"id": "database-id"
				},
				"options": {
				}
			}
		}
	],
	"$schema": "https://schema.management.azure.com/schemas/2019-04-01/deploymentTemplate.json#",
	"contentVersion": "1.0.0.0",
	"variables": {
		//Insert here: variable
	},
	"parameters": {
		//Insert here: parameter
	},
	"outputs": {
		//Insert here: output
	},
	"functions": [
		{
			"namespace": "udf",
			"members": {
				//Insert here: user function
			}
		}
	]
}