{
	"resources": [
		{
			"type": "Microsoft.DocumentDb/databaseAccounts/apis/databases/containers",
			"name": "[concat('account-name', '/sql/', 'database-name', '/', 'container-name')]",
			"apiVersion": "2016-03-31",
			"dependsOn": [
				"[resourceId('Microsoft.DocumentDB/databaseAccounts/apis/databases', 'account-name', 'sql', 'database-name')]"
			],
			"properties": {
				"resource": {
					"id": "container-name",
					"partitionKey": {
						"paths": [
							"/{2:partition-key}"
						],
						"kind": "hash"
					},
					"indexingPolicy": {
						"indexingMode": "consistent",
						"includedPaths": [
							{
								"path": "/*",
								"indexes": [
									{
										"kind": "Hash",
										"dataType": "String",
										"precision": -1
									}
								]
							}
						],
						"excludedPaths": [
							{
								"path": "/PathToNotIndex/*"
							}
						]
					}
				},
				"options": {
				}
			}
		}
	],
	"$schema": "https://schema.management.azure.com/schemas/2019-04-01/deploymentTemplate.json#",
	"contentVersion": "1.0.0.0",
	"variables": {
		//Insert here: variable
	},
	"parameters": {
		//Insert here: parameter
	},
	"outputs": {
		//Insert here: output
	},
	"functions": [
		{
			"namespace": "udf",
			"members": {
				//Insert here: user function
			}
		}
	]
}