{
	"resources": [
		{
			"type": "Microsoft.DocumentDb/databaseAccounts/apis/keyspaces/tables",
			"name": "[concat('account-name', '/cassandra/', 'keyspace', '/', 'table-name')]",
			"apiVersion": "2016-03-31",
			"dependsOn": [
				"[resourceId('Microsoft.DocumentDB/databaseAccounts/apis/keyspaces', 'account-name', 'cassandra', 'keyspace')]"
			],
			"properties": {
				"resource": {
					"id": "table-name",
					"schema": {
						"columns": [],
						"partitionKeys": []
					}
				},
				"options": {}
			}
		}
	],
	"$schema": "https://schema.management.azure.com/schemas/2019-04-01/deploymentTemplate.json#",
	"contentVersion": "1.0.0.0",
	"variables": {
		//Insert here: variable
	},
	"parameters": {
		//Insert here: parameter
	},
	"outputs": {
		//Insert here: output
	},
	"functions": [
		{
			"namespace": "udf",
			"members": {
				//Insert here: user function
			}
		}
	]
}