{
	"resources": [
		{
			"name": "logAnalyticsWorkspace1",
			"type": "Microsoft.OperationalInsights/workspaces",
			"apiVersion": "2015-11-01-preview",
			"location": "[resourceGroup().location]",
			"properties": {
				"sku": {
					"name": "Free"
				},
				"features": {
					"searchVersion": 1
				}
			}
		}
	],
	"$schema": "https://schema.management.azure.com/schemas/2019-04-01/deploymentTemplate.json#",
	"contentVersion": "1.0.0.0",
	"variables": {
		//Insert here: variable
	},
	"parameters": {
		//Insert here: parameter
	},
	"outputs": {
		//Insert here: output
	},
	"functions": [
		{
			"namespace": "udf",
			"members": {
				//Insert here: user function
			}
		}
	]
}