{
	"resources": [
		{
			"name": "[concat('logAnalyticsSolution1', '[logAnalyticsWorkspace1]')]",
			"type": "Microsoft.OperationsManagement/solutions",
			"apiVersion": "2015-11-01-preview",
			"location": "[resourceGroup().location]",
			"tags": {},
			"dependsOn": [
				"[resourceId('Microsoft.OperationalInsights/workspaces/views', 'logAnalyticsWorkspace1', 'logAnalyticsSolution1')]"
			],
			"properties": {
				"workspaceResourceId": "[resourceId('Microsoft.OperationalInsights/workspaces', 'logAnalyticsWorkspace1')]",
				"referencedResources": [],
				"containedResources": [
					"[resourceId('Microsoft.OperationalInsights/workspaces/views', 'logAnalyticsWorkspace1', 'logAnalyticsSolution1')]"
				]
			},
			"plan": {
				"name": "[concat('logAnalyticsSolution1', '[logAnalyticsWorkspace1]')]",
				"version": "1.0.0.0",
				"product": "product",
				"publisher": "publisher",
				"promotionCode": "code"
			}
		}
	],
	"$schema": "https://schema.management.azure.com/schemas/2019-04-01/deploymentTemplate.json#",
	"contentVersion": "1.0.0.0",
	"variables": {
		//Insert here: variable
	},
	"parameters": {
		//Insert here: parameter
	},
	"outputs": {
		//Insert here: output
	},
	"functions": [
		{
			"namespace": "udf",
			"members": {
				//Insert here: user function
			}
		}
	]
}
