{
	"resources": [
		{
			"name": "nestedDeployment1",
			"type": "Microsoft.Resources/deployments",
			"apiVersion": "2022-09-01",
			"properties": {
				"expressionEvaluationOptions": {
					"scope": "inner"
				},
				"mode": "Incremental",
				"parameters": {},
				"template": {
					"$schema": "https://schema.management.azure.com/schemas/2019-04-01/deploymentTemplate.json#",
					"contentVersion": "1.0.0.0",
					"parameters": {},
					"variables": {},
					"resources": [],
					"outputs": {}
				}
			}
		}
	],
	"$schema": "https://schema.management.azure.com/schemas/2019-04-01/deploymentTemplate.json#",
	"contentVersion": "1.0.0.0",
	"variables": {
		//Insert here: variable
	},
	"parameters": {
		//Insert here: parameter
	},
	"outputs": {
		//Insert here: output
	},
	"functions": [
		{
			"namespace": "udf",
			"members": {
				//Insert here: user function
			}
		}
	]
}
