{
	"$schema": "https://schema.management.azure.com/schemas/2018-05-01/subscriptionDeploymentTemplate.json#",
	"contentVersion": "1.0.0.0",
	"resources": [
		{
			"name": "resourceGroup",
			"type": "Microsoft.Resources/resourceGroups",
			"apiVersion": "2022-09-01",
			"location": "eastus",
			"dependsOn": [],
			"tags": {}
		}
	]
}
