{
	"resources": [
		{
			"name": "route-name",
			"type": "Microsoft.Network/routeTables/routes",
			"apiVersion": "2024-03-01",
			"properties": {
				"addressPrefix": "address-prefix",
				"nextHopType": "VirtualNetworkGateway",
				"nextHopIpAddress": "next-hop-ip"
			}
		}
	],
	"$schema": "https://schema.management.azure.com/schemas/2019-04-01/deploymentTemplate.json#",
	"contentVersion": "1.0.0.0",
	"variables": {
		//Insert here: variable
	},
	"parameters": {
		//Insert here: parameter
	},
	"outputs": {
		//Insert here: output
	},
	"functions": [
		{
			"namespace": "udf",
			"members": {
				//Insert here: user function
			}
		}
	]
}
