{
	"resources": [
		{
			"name": "routeTable1",
			"type": "Microsoft.Network/routeTables",
			"apiVersion": "2023-04-01",
			"location": "[resourceGroup().location]",
			"tags": {},
			"properties": {
				"routes": [
					{
						"name": "route1",
						"properties": {
							"addressPrefix": "destinationCIDR",
							"nextHopType": "VirtualNetworkGateway",
							"nextHopIpAddress": "0.0.0.0"
						}
					}
				],
				"disableBgpRoutePropagation": true
			}
		}
	],
	"$schema": "https://schema.management.azure.com/schemas/2019-04-01/deploymentTemplate.json#",
	"contentVersion": "1.0.0.0",
	"variables": {
		//Insert here: variable
	},
	"parameters": {
		//Insert here: parameter
	},
	"outputs": {
		//Insert here: output
	},
	"functions": [
		{
			"namespace": "udf",
			"members": {
				//Insert here: user function
			}
		}
	]
}
