{
	"resources": [
		{
			"name": "accountName/default/blobContainerName",
			"type": "Microsoft.Storage/storageAccounts/blobServices/containers",
			"apiVersion": "2023-01-01",
			"dependsOn": [
				"[resourceId('Microsoft.Storage/storageAccounts', 'accountName')]"
			],
			"properties": {
				"publicAccess": "None"
			}
		}
	],
	"$schema": "https://schema.management.azure.com/schemas/2019-04-01/deploymentTemplate.json#",
	"contentVersion": "1.0.0.0",
	"variables": {
		//Insert here: variable
	},
	"parameters": {
		//Insert here: parameter
	},
	"outputs": {
		//Insert here: output
	},
	"functions": [
		{
			"namespace": "udf",
			"members": {
				//Insert here: user function
			}
		}
	]
}
