{
	"resources": [
		{
			"name": "virtualNetwork1",
			"type": "Microsoft.Network/virtualNetworks",
			"apiVersion": "2023-04-01",
			"location": "[resourceGroup().location]",
			"tags": {
				"displayName": "virtualNetwork1"
			},
			"dependsOn": [
				"[resourceId('Microsoft.Network/networkSecurityGroups', variables('networkSecurityGroupName'))]"
			],		  
			"properties": {
				"addressSpace": {
					"addressPrefixes": [
						"10.0.0.0/16"
					]
				},
				"subnets": [
					{
						"name": "Subnet-1",
						"properties": {
							"addressPrefix": "10.0.0.0/24",
							"networkSecurityGroup": {
                				"id": "[resourceId('Microsoft.Network/networkSecurityGroups', variables('networkSecurityGroupName'))]"
              				}
						}
					},
					{
						"name": "Subnet-2",
						"properties": {
							"addressPrefix": "10.0.1.0/24",
							"networkSecurityGroup": {
                				"id": "[resourceId('Microsoft.Network/networkSecurityGroups', variables('networkSecurityGroupName'))]"
              				}
						}
					}
				]
			}
		}
	],
	"$schema": "https://schema.management.azure.com/schemas/2019-04-01/deploymentTemplate.json#",
	"contentVersion": "1.0.0.0",
	"variables": {
		//Insert here: variable
	},
	"parameters": {
		//Insert here: parameter
	},
	"outputs": {
		//Insert here: output
	},
	"functions": [
		{
			"namespace": "udf",
			"members": {
				//Insert here: user function
			}
		}
	]
}
