{
	"resources": [
		{
			"name": "vpnVnetConnection1",
			"type": "Microsoft.Network/connections",
			"apiVersion": "2019-11-01",
			"location": "[resourceGroup().location]",
			"dependsOn": [
				"[resourceId('Microsoft.Network/virtualNetworkGateways', 'vnetGateway1')]",
				"[resourceId('Microsoft.Network/localNetworkGateways', 'localGateway1')]"
			],
			"properties": {
				"virtualNetworkGateway1": {
					"id": "[resourceId('Microsoft.Network/virtualNetworkGateways', 'vnetGateway1')]"
				},
				"localNetworkGateway2": {
					"id": "[resourceId('Microsoft.Network/localNetworkGateways', 'localGateway1')]"
				},
				"connectionType": "IPsec",
				"routingWeight": 0,
				"sharedKey": "sharedkey"
			}
		}
	],
	"$schema": "https://schema.management.azure.com/schemas/2019-04-01/deploymentTemplate.json#",
	"contentVersion": "1.0.0.0",
	"variables": {
		//Insert here: variable
	},
	"parameters": {
		//Insert here: parameter
	},
	"outputs": {
		//Insert here: output
	},
	"functions": [
		{
			"namespace": "udf",
			"members": {
				//Insert here: user function
			}
		}
	]
}