{
	"resources": [
		{
			"name": "localNetworkGateway1",
			"type": "Microsoft.Network/localNetworkGateways",
			"apiVersion": "2020-11-01",
			"location": "[resourceGroup().location]",
			"properties": {
				"localNetworkAddressSpace": {
					"addressPrefixes": [
						"networkprefix"
					]
				},
				"gatewayIpAddress": "gatewayIP"
			}
		}
	],
	"$schema": "https://schema.management.azure.com/schemas/2019-04-01/deploymentTemplate.json#",
	"contentVersion": "1.0.0.0",
	"variables": {
		//Insert here: variable
	},
	"parameters": {
		//Insert here: parameter
	},
	"outputs": {
		//Insert here: output
	},
	"functions": [
		{
			"namespace": "udf",
			"members": {
				//Insert here: user function
			}
		}
	]
}