{
	"resources": [
		{
			"name": "windowsVM1/Diagnostics",
			"type": "Microsoft.Compute/virtualMachines/extensions",
			"apiVersion": "2023-03-01",
			"location": "[resourceGroup().location]",
			"tags": {
				"displayName": "Diagnostics Extension for windowsVM1"
			},
			"dependsOn": [
				"[resourceId('Microsoft.Compute/virtualMachines', 'windowsVM1')]",
				"[resourceId('Microsoft.Storage/storageAccounts', 'storageaccount1')]"
			],
			"properties": {
				"publisher": "Microsoft.Azure.Diagnostics",
				"type": "IaaSDiagnostics",
				"typeHandlerVersion": "1.5",
				"autoUpgradeMinorVersion": true,
				"settings": {
					"xmlCfg": "[base64('<WadCfg> <DiagnosticMonitorConfiguration overallQuotaInMB=\"4096\" xmlns=\"http://schemas.microsoft.com/ServiceHosting/2010/10/DiagnosticsConfiguration\"> <DiagnosticInfrastructureLogs scheduledTransferLogLevelFilter=\"Error\"/> <Logs scheduledTransferPeriod=\"PT1M\" scheduledTransferLogLevelFilter=\"Error\" /> <Directories scheduledTransferPeriod=\"PT1M\"> <IISLogs containerName =\"wad-iis-logfiles\" /> <FailedRequestLogs containerName =\"wad-failedrequestlogs\" /> </Directories> <WindowsEventLog scheduledTransferPeriod=\"PT1M\" > <DataSource name=\"Application!*\" /> </WindowsEventLog> <CrashDumps containerName=\"wad-crashdumps\" dumpType=\"Mini\"> <CrashDumpConfiguration processName=\"WaIISHost.exe\"/> <CrashDumpConfiguration processName=\"WaWorkerHost.exe\"/> <CrashDumpConfiguration processName=\"w3wp.exe\"/> </CrashDumps> <PerformanceCounters scheduledTransferPeriod=\"PT1M\"> <PerformanceCounterConfiguration counterSpecifier=\"\\Memory\\Available MBytes\" sampleRate=\"PT3M\" /> <PerformanceCounterConfiguration counterSpecifier=\"\\Web Service(_Total)\\ISAPI Extension Requests/sec\" sampleRate=\"PT3M\" /> <PerformanceCounterConfiguration counterSpecifier=\"\\Web Service(_Total)\\Bytes Total/Sec\" sampleRate=\"PT3M\" /> <PerformanceCounterConfiguration counterSpecifier=\"\\ASP.NET Applications(__Total__)\\Requests/Sec\" sampleRate=\"PT3M\" /> <PerformanceCounterConfiguration counterSpecifier=\"\\ASP.NET Applications(__Total__)\\Errors Total/Sec\" sampleRate=\"PT3M\" /> <PerformanceCounterConfiguration counterSpecifier=\"\\ASP.NET\\Requests Queued\" sampleRate=\"PT3M\" /> <PerformanceCounterConfiguration counterSpecifier=\"\\ASP.NET\\Requests Rejected\" sampleRate=\"PT3M\" /> <PerformanceCounterConfiguration counterSpecifier=\"\\Processor(_Total)\\% Processor Time\" sampleRate=\"PT3M\" /> </PerformanceCounters> </DiagnosticMonitorConfiguration> </WadCfg>')]",
					"storageAccount": "storageaccount1"
				},
				"protectedSettings": {
					"storageAccountName": "storageaccount1",
					"storageAccountKey": "[listkeys(resourceId('Microsoft.Storage/storageAccounts', 'storageaccount1'), '2015-06-15').key1]",
					"storageAccountEndPoint": "[reference(resourceId('Microsoft.Storage/storageAccounts', 'storageaccount1'), '2015-06-15').primaryEndpoints.blob]"
				}
			}
		}
	],
	"$schema": "https://schema.management.azure.com/schemas/2019-04-01/deploymentTemplate.json#",
	"contentVersion": "1.0.0.0",
	"variables": {
		//Insert here: variable
	},
	"parameters": {
		//Insert here: parameter
	},
	"outputs": {
		//Insert here: output
	},
	"functions": [
		{
			"namespace": "udf",
			"members": {
				//Insert here: user function
			}
		}
	]
}
