{
	"resources": [
		{
			"name": "windowsVM1/dscScript1",
			"type": "Microsoft.Compute/virtualMachines/extensions",
			"apiVersion": "2023-03-01",
			"location": "[resourceGroup().location]",
			"tags": {
				"displayName": "windowsVM1/dscScript1"
			},
			"dependsOn": [
				"[resourceId('Microsoft.Compute/virtualMachines', 'windowsVM1')]"
			],
			"properties": {
				"publisher": "Microsoft.Powershell",
				"type": "DSC",
				"typeHandlerVersion": "2.9",
				"autoUpgradeMinorVersion": true,
				"settings": {
					"modulesUrl": "[concat('artifactsLocation', '/DSCModules/dsc.zip')]",
					"sasToken": "artifactsLocationSasToken",
					"configurationFunction": "Configure"
				},
				"protectedSettings": {}
			}
		}
	],
	"$schema": "https://schema.management.azure.com/schemas/2019-04-01/deploymentTemplate.json#",
	"contentVersion": "1.0.0.0",
	"variables": {
		//Insert here: variable
	},
	"parameters": {
		//Insert here: parameter
	},
	"outputs": {
		//Insert here: output
	},
	"functions": [
		{
			"namespace": "udf",
			"members": {
				//Insert here: user function
			}
		}
	]
}
